compile\sys.elf:00000100 a STACK_SIZE
compile\sys.elf:00000000 a HEAP_SIZE
compile\sys.elf:08000000 a FLASH_BASE
compile\sys.elf:20000000 a SRAM_BASE
compile\sys.elf:40000000 a PERIPH_BASE
compile\sys.elf:22000000 a SRAM_BB_BASE
compile\sys.elf:42000000 a PERIPH_BB_BASE
compile\sys.elf:a0000000 a FSMC_R_BASE
compile\sys.elf:40000000 a APB1_BASE
compile\sys.elf:40010000 a APB2_BASE
compile\sys.elf:40020000 a AHB_BASE
compile\sys.elf:e000e000 a NVIC_BASE
compile\sys.elf:40022000 a FLASH_ACR
compile\sys.elf:40021000 a RCC
compile\sys.elf:40021000 a RCC_CR
compile\sys.elf:40021004 a RCC_CFGR
compile\sys.elf:00000002 a SW_PLL
compile\sys.elf:00000001 a SW_HSE
compile\sys.elf:00000000 a SW_HSI
compile\sys.elf:0000000c a SWS_MASK
compile\sys.elf:00000000 a SW_AHB1
compile\sys.elf:00000080 a SW_AHB2
compile\sys.elf:00000090 a SW_AHB4
compile\sys.elf:000000a0 a SW_AHB8
compile\sys.elf:000000b0 a SW_AHB16
compile\sys.elf:000000c0 a SW_AHB64
compile\sys.elf:000000d0 a SW_AHB128
compile\sys.elf:000000e0 a SW_AHB256
compile\sys.elf:000000f0 a SW_AHB512
compile\sys.elf:00000000 a SW_APB1_1
compile\sys.elf:00000400 a SW_APB1_2
compile\sys.elf:00000500 a SW_APB1_4
compile\sys.elf:00000600 a SW_APB1_8
compile\sys.elf:00000700 a SW_APB1_16
compile\sys.elf:00000000 a SW_APB2_1
compile\sys.elf:00002000 a SW_APB2_2
compile\sys.elf:00002800 a SW_APB2_4
compile\sys.elf:00003000 a SW_APB2_8
compile\sys.elf:00003800 a SW_APB2_16
compile\sys.elf:00000000 a SW_ADC2
compile\sys.elf:00004000 a SW_ADC4
compile\sys.elf:00008000 a SW_ADC6
compile\sys.elf:0000c000 a SW_ADC8
compile\sys.elf:00000000 a SW_PLLMUL2
compile\sys.elf:00040000 a SW_PLLMUL3
compile\sys.elf:00080000 a SW_PLLMUL4
compile\sys.elf:000c0000 a SW_PLLMUL5
compile\sys.elf:00100000 a SW_PLLMUL6
compile\sys.elf:00140000 a SW_PLLMUL7
compile\sys.elf:00180000 a SW_PLLMUL8
compile\sys.elf:001c0000 a SW_PLLMUL9
compile\sys.elf:00200000 a SW_PLLMUL10
compile\sys.elf:00240000 a SW_PLLMUL11
compile\sys.elf:00280000 a SW_PLLMUL12
compile\sys.elf:002c0000 a SW_PLLMUL13
compile\sys.elf:00300000 a SW_PLLMUL14
compile\sys.elf:00340000 a SW_PLLMUL15
compile\sys.elf:00380000 a SW_PLLMUL16
compile\sys.elf:003c0000 a SW_PLLMUL16_1
compile\sys.elf:00010000 a SW_PLLFROMHSE
compile\sys.elf:00000000 a SW_MCO_NO
compile\sys.elf:04000000 a SW_MCO_SYS
compile\sys.elf:05000000 a SW_MCO_HSI
compile\sys.elf:06000000 a SW_MCO_HSE
compile\sys.elf:07000000 a SW_MCO_PLL
compile\sys.elf:40021008 a RCC_CIR
compile\sys.elf:4002100c a RCC_APB2_RST
compile\sys.elf:40021010 a RCC_APB1_RST
compile\sys.elf:40021014 a RCC_AHBENR
compile\sys.elf:40021018 a RCC_APB2ENR
compile\sys.elf:4002101c a RCC_APB1ENR
compile\sys.elf:40021020 a RCC_BDCR
compile\sys.elf:40021024 a RCC_CSR
compile\sys.elf:40023000 a CRÑ
compile\sys.elf:40007000 a PWR
compile\sys.elf:40007000 a PWR_CR
compile\sys.elf:40007004 a PWR_CSR
compile\sys.elf:40006c00 a BKP
compile\sys.elf:40006c04 a BKP_DR1
compile\sys.elf:40006c08 a BKP_DR2
compile\sys.elf:40006c0c a BKP_DR3
compile\sys.elf:40006c10 a BKP_DR4
compile\sys.elf:40006c14 a BKP_DR5
compile\sys.elf:40006c18 a BKP_DR6
compile\sys.elf:40006c1c a BKP_DR7
compile\sys.elf:40006c20 a BKP_DR8
compile\sys.elf:40006c24 a BKP_DR9
compile\sys.elf:40006c28 a BKP_DR10
compile\sys.elf:40006c40 a BKP_DR11
compile\sys.elf:40006c44 a BKP_DR12
compile\sys.elf:40006c48 a BKP_DR13
compile\sys.elf:40006c4c a BKP_DR14
compile\sys.elf:40006c50 a BKP_DR15
compile\sys.elf:40006c54 a BKP_DR16
compile\sys.elf:40006c58 a BKP_DR17
compile\sys.elf:40006c5c a BKP_DR18
compile\sys.elf:40006c60 a BKP_DR19
compile\sys.elf:40006c64 a BKP_DR20
compile\sys.elf:40006c68 a BKP_DR21
compile\sys.elf:40006c6c a BKP_DR22
compile\sys.elf:40006c70 a BKP_DR23
compile\sys.elf:40006c74 a BKP_DR24
compile\sys.elf:40006c78 a BKP_DR25
compile\sys.elf:40006c7c a BKP_DR26
compile\sys.elf:40006c80 a BKP_DR27
compile\sys.elf:40006c84 a BKP_DR28
compile\sys.elf:40006c88 a BKP_DR29
compile\sys.elf:40006c8c a BKP_DR30
compile\sys.elf:40006c90 a BKP_DR31
compile\sys.elf:40006c94 a BKP_DR32
compile\sys.elf:40006c98 a BKP_DR33
compile\sys.elf:40006c9c a BKP_DR34
compile\sys.elf:40006ca0 a BKP_DR35
compile\sys.elf:40006ca4 a BKP_DR36
compile\sys.elf:40006ca8 a BKP_DR37
compile\sys.elf:40006cac a BKP_DR38
compile\sys.elf:40006cb0 a BKP_DR39
compile\sys.elf:40006cb4 a BKP_DR40
compile\sys.elf:40006cb8 a BKP_DR41
compile\sys.elf:40006cbc a BKP_DR42
compile\sys.elf:40006c2c a BKP_RTCCR
compile\sys.elf:40006c30 a BKP_CR
compile\sys.elf:40006c34 a BKP_CSR
compile\sys.elf:40010800 a GPIOA
compile\sys.elf:40010c00 a GPIOB
compile\sys.elf:40011000 a GPIOC
compile\sys.elf:40011400 a GPIOD
compile\sys.elf:40011800 a GPIOE
compile\sys.elf:40011c00 a GPIOF
compile\sys.elf:40012000 a GPIOG
compile\sys.elf:40010800 a GPIO_CRL_A
compile\sys.elf:40010c00 a GPIO_CRL_B
compile\sys.elf:40011000 a GPIO_CRL_C
compile\sys.elf:40011400 a GPIO_CRL_D
compile\sys.elf:40011800 a GPIO_CRL_E
compile\sys.elf:40011c00 a GPIO_CRL_F
compile\sys.elf:40010804 a GPIO_CRH_A
compile\sys.elf:40010c04 a GPIO_CRH_B
compile\sys.elf:40011004 a GPIO_CRH_C
compile\sys.elf:40011404 a GPIO_CRH_D
compile\sys.elf:40011804 a GPIO_CRH_E
compile\sys.elf:40011c04 a GPIO_CRH_F
compile\sys.elf:40010808 a GPIO_IDR_A
compile\sys.elf:40010c08 a GPIO_IDR_B
compile\sys.elf:40011008 a GPIO_IDR_C
compile\sys.elf:40011408 a GPIO_IDR_D
compile\sys.elf:40011808 a GPIO_IDR_E
compile\sys.elf:40011c08 a GPIO_IDR_F
compile\sys.elf:4001080c a GPIO_ODR_A
compile\sys.elf:40010c0c a GPIO_ODR_B
compile\sys.elf:4001100c a GPIO_ODR_C
compile\sys.elf:4001140c a GPIO_ODR_D
compile\sys.elf:4001180c a GPIO_ODR_E
compile\sys.elf:40011c0c a GPIO_ODR_F
compile\sys.elf:40010810 a GPIO_BSRR_A
compile\sys.elf:40010c10 a GPIO_BSRR_B
compile\sys.elf:40011010 a GPIO_BSRR_C
compile\sys.elf:40011410 a GPIO_BSRR_D
compile\sys.elf:40011810 a GPIO_BSRR_E
compile\sys.elf:40011c10 a GPIO_BSRR_F
compile\sys.elf:40010814 a GPIO_BRR_A
compile\sys.elf:40010c14 a GPIO_BRR_B
compile\sys.elf:40011014 a GPIO_BRR_C
compile\sys.elf:40011414 a GPIO_BRR_D
compile\sys.elf:40011814 a GPIO_BRR_E
compile\sys.elf:40011c14 a GPIO_BRR_F
compile\sys.elf:40010818 a GPIO_LCKR_A
compile\sys.elf:40010c18 a GPIO_LCKR_B
compile\sys.elf:40011018 a GPIO_LCKR_C
compile\sys.elf:40011418 a GPIO_LCKR_D
compile\sys.elf:40011818 a GPIO_LCKR_E
compile\sys.elf:40011c18 a GPIO_LCKR_F
compile\sys.elf:40010000 a AFIO
compile\sys.elf:40010000 a AFIO_EVCR
compile\sys.elf:40010004 a AFIO_MAPR
compile\sys.elf:40010008 a AFIO_EXTICR1
compile\sys.elf:40010014 a AFIO_EXTICR2
compile\sys.elf:4001001c a AFIO_MAPR2
compile\sys.elf:40000000 a TIM2
compile\sys.elf:40000000 a TIM2_CR1
compile\sys.elf:40000004 a TIM2_CR2
compile\sys.elf:40000008 a TIM2_SMCR
compile\sys.elf:4000000c a TIM2_DIER
compile\sys.elf:40000010 a TIM2_SR
compile\sys.elf:40000014 a TIM2_EGR
compile\sys.elf:40000018 a TIM2_CCMR1
compile\sys.elf:4000001c a TIM2_CCMR2
compile\sys.elf:40000020 a TIM2_CCER
compile\sys.elf:40000024 a TIM2_CNT
compile\sys.elf:40000028 a TIM2_PSC
compile\sys.elf:4000002c a TIM2_ARR
compile\sys.elf:40000034 a TIM2_CCR1
compile\sys.elf:40000038 a TIM2_CCR2
compile\sys.elf:4000003c a TIM2_CCR3
compile\sys.elf:40000040 a TIM2_CCR4
compile\sys.elf:40000048 a TIM2_DCR
compile\sys.elf:4000004c a TIM2_DMAR
compile\sys.elf:e000e100 a NVIC_ISER0
compile\sys.elf:e000e104 a NVIC_ISER1
compile\sys.elf:e000e108 a NVIC_ISER2
compile\sys.elf:e000e180 a NVIC_ICER0
compile\sys.elf:e000e184 a NVIC_ICER1
compile\sys.elf:e000e188 a NVIC_ICER2
compile\sys.elf:e000e200 a NVIC_ISPR0
compile\sys.elf:e000e204 a NVIC_ISPR1
compile\sys.elf:e000e208 a NVIC_ISPR2
compile\sys.elf:e000e280 a NVIC_IÑPR0
compile\sys.elf:e000e284 a NVIC_IÑPR1
compile\sys.elf:e000e288 a NVIC_IÑPR2
compile\sys.elf:e000e400 a NVIC_PRI0
compile\sys.elf:e000e300 a NVIC_IABR0
compile\sys.elf:e000e304 a NVIC_IABR1
compile\sys.elf:e000ed24 a NVIC_SHCSR
compile\sys.elf:e000ed04 a NVIC_ICSR
compile\sys.elf:e000ed0c a NVIC_AIRCR
compile\sys.elf:e000e008 a SCB
compile\sys.elf:e000e00c a SCB_ICSR
compile\sys.elf:40010400 a EXTI
compile\sys.elf:40010414 a EXTI_PR
compile\sys.elf:40010400 a EXTI_IMR
compile\sys.elf:40010408 a EXTI_RTSR
compile\sys.elf:4001040c a EXTI_FTSR
compile\sys.elf:40002800 a RTC
compile\sys.elf:40002800 a RTC_CRH
compile\sys.elf:40002804 a RTC_CRL
compile\sys.elf:40002810 a RTC_DIVH
compile\sys.elf:40002814 a RTC_DIVL
compile\sys.elf:40002808 a RTC_PRLH
compile\sys.elf:4000280c a RTC_PRLL
compile\sys.elf:40002818 a RTC_CNTH
compile\sys.elf:4000281c a RTC_CNTL
compile\sys.elf:40002820 a RTC_ALRH
compile\sys.elf:40002824 a RTC_ALRL
compile\sys.elf:0800052a t pin0_7
compile\sys.elf:080005c4 t si_exit
compile\sys.elf:080005c0 t isRise
compile\sys.elf:00000100 a STACK_SIZE
compile\sys.elf:00000000 a HEAP_SIZE
compile\sys.elf:08000000 a FLASH_BASE
compile\sys.elf:20000000 a SRAM_BASE
compile\sys.elf:40000000 a PERIPH_BASE
compile\sys.elf:22000000 a SRAM_BB_BASE
compile\sys.elf:42000000 a PERIPH_BB_BASE
compile\sys.elf:a0000000 a FSMC_R_BASE
compile\sys.elf:40000000 a APB1_BASE
compile\sys.elf:40010000 a APB2_BASE
compile\sys.elf:40020000 a AHB_BASE
compile\sys.elf:e000e000 a NVIC_BASE
compile\sys.elf:40022000 a FLASH_ACR
compile\sys.elf:40021000 a RCC
compile\sys.elf:40021000 a RCC_CR
compile\sys.elf:40021004 a RCC_CFGR
compile\sys.elf:00000002 a SW_PLL
compile\sys.elf:00000001 a SW_HSE
compile\sys.elf:00000000 a SW_HSI
compile\sys.elf:0000000c a SWS_MASK
compile\sys.elf:00000000 a SW_AHB1
compile\sys.elf:00000080 a SW_AHB2
compile\sys.elf:00000090 a SW_AHB4
compile\sys.elf:000000a0 a SW_AHB8
compile\sys.elf:000000b0 a SW_AHB16
compile\sys.elf:000000c0 a SW_AHB64
compile\sys.elf:000000d0 a SW_AHB128
compile\sys.elf:000000e0 a SW_AHB256
compile\sys.elf:000000f0 a SW_AHB512
compile\sys.elf:00000000 a SW_APB1_1
compile\sys.elf:00000400 a SW_APB1_2
compile\sys.elf:00000500 a SW_APB1_4
compile\sys.elf:00000600 a SW_APB1_8
compile\sys.elf:00000700 a SW_APB1_16
compile\sys.elf:00000000 a SW_APB2_1
compile\sys.elf:00002000 a SW_APB2_2
compile\sys.elf:00002800 a SW_APB2_4
compile\sys.elf:00003000 a SW_APB2_8
compile\sys.elf:00003800 a SW_APB2_16
compile\sys.elf:00000000 a SW_ADC2
compile\sys.elf:00004000 a SW_ADC4
compile\sys.elf:00008000 a SW_ADC6
compile\sys.elf:0000c000 a SW_ADC8
compile\sys.elf:00000000 a SW_PLLMUL2
compile\sys.elf:00040000 a SW_PLLMUL3
compile\sys.elf:00080000 a SW_PLLMUL4
compile\sys.elf:000c0000 a SW_PLLMUL5
compile\sys.elf:00100000 a SW_PLLMUL6
compile\sys.elf:00140000 a SW_PLLMUL7
compile\sys.elf:00180000 a SW_PLLMUL8
compile\sys.elf:001c0000 a SW_PLLMUL9
compile\sys.elf:00200000 a SW_PLLMUL10
compile\sys.elf:00240000 a SW_PLLMUL11
compile\sys.elf:00280000 a SW_PLLMUL12
compile\sys.elf:002c0000 a SW_PLLMUL13
compile\sys.elf:00300000 a SW_PLLMUL14
compile\sys.elf:00340000 a SW_PLLMUL15
compile\sys.elf:00380000 a SW_PLLMUL16
compile\sys.elf:003c0000 a SW_PLLMUL16_1
compile\sys.elf:00010000 a SW_PLLFROMHSE
compile\sys.elf:00000000 a SW_MCO_NO
compile\sys.elf:04000000 a SW_MCO_SYS
compile\sys.elf:05000000 a SW_MCO_HSI
compile\sys.elf:06000000 a SW_MCO_HSE
compile\sys.elf:07000000 a SW_MCO_PLL
compile\sys.elf:40021008 a RCC_CIR
compile\sys.elf:4002100c a RCC_APB2_RST
compile\sys.elf:40021010 a RCC_APB1_RST
compile\sys.elf:40021014 a RCC_AHBENR
compile\sys.elf:40021018 a RCC_APB2ENR
compile\sys.elf:4002101c a RCC_APB1ENR
compile\sys.elf:40021020 a RCC_BDCR
compile\sys.elf:40021024 a RCC_CSR
compile\sys.elf:40023000 a CRÑ
compile\sys.elf:40007000 a PWR
compile\sys.elf:40007000 a PWR_CR
compile\sys.elf:40007004 a PWR_CSR
compile\sys.elf:40006c00 a BKP
compile\sys.elf:40006c04 a BKP_DR1
compile\sys.elf:40006c08 a BKP_DR2
compile\sys.elf:40006c0c a BKP_DR3
compile\sys.elf:40006c10 a BKP_DR4
compile\sys.elf:40006c14 a BKP_DR5
compile\sys.elf:40006c18 a BKP_DR6
compile\sys.elf:40006c1c a BKP_DR7
compile\sys.elf:40006c20 a BKP_DR8
compile\sys.elf:40006c24 a BKP_DR9
compile\sys.elf:40006c28 a BKP_DR10
compile\sys.elf:40006c40 a BKP_DR11
compile\sys.elf:40006c44 a BKP_DR12
compile\sys.elf:40006c48 a BKP_DR13
compile\sys.elf:40006c4c a BKP_DR14
compile\sys.elf:40006c50 a BKP_DR15
compile\sys.elf:40006c54 a BKP_DR16
compile\sys.elf:40006c58 a BKP_DR17
compile\sys.elf:40006c5c a BKP_DR18
compile\sys.elf:40006c60 a BKP_DR19
compile\sys.elf:40006c64 a BKP_DR20
compile\sys.elf:40006c68 a BKP_DR21
compile\sys.elf:40006c6c a BKP_DR22
compile\sys.elf:40006c70 a BKP_DR23
compile\sys.elf:40006c74 a BKP_DR24
compile\sys.elf:40006c78 a BKP_DR25
compile\sys.elf:40006c7c a BKP_DR26
compile\sys.elf:40006c80 a BKP_DR27
compile\sys.elf:40006c84 a BKP_DR28
compile\sys.elf:40006c88 a BKP_DR29
compile\sys.elf:40006c8c a BKP_DR30
compile\sys.elf:40006c90 a BKP_DR31
compile\sys.elf:40006c94 a BKP_DR32
compile\sys.elf:40006c98 a BKP_DR33
compile\sys.elf:40006c9c a BKP_DR34
compile\sys.elf:40006ca0 a BKP_DR35
compile\sys.elf:40006ca4 a BKP_DR36
compile\sys.elf:40006ca8 a BKP_DR37
compile\sys.elf:40006cac a BKP_DR38
compile\sys.elf:40006cb0 a BKP_DR39
compile\sys.elf:40006cb4 a BKP_DR40
compile\sys.elf:40006cb8 a BKP_DR41
compile\sys.elf:40006cbc a BKP_DR42
compile\sys.elf:40006c2c a BKP_RTCCR
compile\sys.elf:40006c30 a BKP_CR
compile\sys.elf:40006c34 a BKP_CSR
compile\sys.elf:40010800 a GPIOA
compile\sys.elf:40010c00 a GPIOB
compile\sys.elf:40011000 a GPIOC
compile\sys.elf:40011400 a GPIOD
compile\sys.elf:40011800 a GPIOE
compile\sys.elf:40011c00 a GPIOF
compile\sys.elf:40012000 a GPIOG
compile\sys.elf:40010800 a GPIO_CRL_A
compile\sys.elf:40010c00 a GPIO_CRL_B
compile\sys.elf:40011000 a GPIO_CRL_C
compile\sys.elf:40011400 a GPIO_CRL_D
compile\sys.elf:40011800 a GPIO_CRL_E
compile\sys.elf:40011c00 a GPIO_CRL_F
compile\sys.elf:40010804 a GPIO_CRH_A
compile\sys.elf:40010c04 a GPIO_CRH_B
compile\sys.elf:40011004 a GPIO_CRH_C
compile\sys.elf:40011404 a GPIO_CRH_D
compile\sys.elf:40011804 a GPIO_CRH_E
compile\sys.elf:40011c04 a GPIO_CRH_F
compile\sys.elf:40010808 a GPIO_IDR_A
compile\sys.elf:40010c08 a GPIO_IDR_B
compile\sys.elf:40011008 a GPIO_IDR_C
compile\sys.elf:40011408 a GPIO_IDR_D
compile\sys.elf:40011808 a GPIO_IDR_E
compile\sys.elf:40011c08 a GPIO_IDR_F
compile\sys.elf:4001080c a GPIO_ODR_A
compile\sys.elf:40010c0c a GPIO_ODR_B
compile\sys.elf:4001100c a GPIO_ODR_C
compile\sys.elf:4001140c a GPIO_ODR_D
compile\sys.elf:4001180c a GPIO_ODR_E
compile\sys.elf:40011c0c a GPIO_ODR_F
compile\sys.elf:40010810 a GPIO_BSRR_A
compile\sys.elf:40010c10 a GPIO_BSRR_B
compile\sys.elf:40011010 a GPIO_BSRR_C
compile\sys.elf:40011410 a GPIO_BSRR_D
compile\sys.elf:40011810 a GPIO_BSRR_E
compile\sys.elf:40011c10 a GPIO_BSRR_F
compile\sys.elf:40010814 a GPIO_BRR_A
compile\sys.elf:40010c14 a GPIO_BRR_B
compile\sys.elf:40011014 a GPIO_BRR_C
compile\sys.elf:40011414 a GPIO_BRR_D
compile\sys.elf:40011814 a GPIO_BRR_E
compile\sys.elf:40011c14 a GPIO_BRR_F
compile\sys.elf:40010818 a GPIO_LCKR_A
compile\sys.elf:40010c18 a GPIO_LCKR_B
compile\sys.elf:40011018 a GPIO_LCKR_C
compile\sys.elf:40011418 a GPIO_LCKR_D
compile\sys.elf:40011818 a GPIO_LCKR_E
compile\sys.elf:40011c18 a GPIO_LCKR_F
compile\sys.elf:40010000 a AFIO
compile\sys.elf:40010000 a AFIO_EVCR
compile\sys.elf:40010004 a AFIO_MAPR
compile\sys.elf:40010008 a AFIO_EXTICR1
compile\sys.elf:40010014 a AFIO_EXTICR2
compile\sys.elf:4001001c a AFIO_MAPR2
compile\sys.elf:40000000 a TIM2
compile\sys.elf:40000000 a TIM2_CR1
compile\sys.elf:40000004 a TIM2_CR2
compile\sys.elf:40000008 a TIM2_SMCR
compile\sys.elf:4000000c a TIM2_DIER
compile\sys.elf:40000010 a TIM2_SR
compile\sys.elf:40000014 a TIM2_EGR
compile\sys.elf:40000018 a TIM2_CCMR1
compile\sys.elf:4000001c a TIM2_CCMR2
compile\sys.elf:40000020 a TIM2_CCER
compile\sys.elf:40000024 a TIM2_CNT
compile\sys.elf:40000028 a TIM2_PSC
compile\sys.elf:4000002c a TIM2_ARR
compile\sys.elf:40000034 a TIM2_CCR1
compile\sys.elf:40000038 a TIM2_CCR2
compile\sys.elf:4000003c a TIM2_CCR3
compile\sys.elf:40000040 a TIM2_CCR4
compile\sys.elf:40000048 a TIM2_DCR
compile\sys.elf:4000004c a TIM2_DMAR
compile\sys.elf:e000e100 a NVIC_ISER0
compile\sys.elf:e000e104 a NVIC_ISER1
compile\sys.elf:e000e108 a NVIC_ISER2
compile\sys.elf:e000e180 a NVIC_ICER0
compile\sys.elf:e000e184 a NVIC_ICER1
compile\sys.elf:e000e188 a NVIC_ICER2
compile\sys.elf:e000e200 a NVIC_ISPR0
compile\sys.elf:e000e204 a NVIC_ISPR1
compile\sys.elf:e000e208 a NVIC_ISPR2
compile\sys.elf:e000e280 a NVIC_IÑPR0
compile\sys.elf:e000e284 a NVIC_IÑPR1
compile\sys.elf:e000e288 a NVIC_IÑPR2
compile\sys.elf:e000e400 a NVIC_PRI0
compile\sys.elf:e000e300 a NVIC_IABR0
compile\sys.elf:e000e304 a NVIC_IABR1
compile\sys.elf:e000ed24 a NVIC_SHCSR
compile\sys.elf:e000ed04 a NVIC_ICSR
compile\sys.elf:e000ed0c a NVIC_AIRCR
compile\sys.elf:e000e008 a SCB
compile\sys.elf:e000e00c a SCB_ICSR
compile\sys.elf:40010400 a EXTI
compile\sys.elf:40010414 a EXTI_PR
compile\sys.elf:40010400 a EXTI_IMR
compile\sys.elf:40010408 a EXTI_RTSR
compile\sys.elf:4001040c a EXTI_FTSR
compile\sys.elf:40002800 a RTC
compile\sys.elf:40002800 a RTC_CRH
compile\sys.elf:40002804 a RTC_CRL
compile\sys.elf:40002810 a RTC_DIVH
compile\sys.elf:40002814 a RTC_DIVL
compile\sys.elf:40002808 a RTC_PRLH
compile\sys.elf:4000280c a RTC_PRLL
compile\sys.elf:40002818 a RTC_CNTH
compile\sys.elf:4000281c a RTC_CNTL
compile\sys.elf:40002820 a RTC_ALRH
compile\sys.elf:40002824 a RTC_ALRL
compile\sys.elf:080006b6 t counterOK
compile\sys.elf:080006de t ports
compile\sys.elf:080006fa t ports_interrupt
compile\sys.elf:0800070a t mainLoop
compile\sys.elf:00000100 a STACK_SIZE
compile\sys.elf:00000000 a HEAP_SIZE
compile\sys.elf:08000000 a FLASH_BASE
compile\sys.elf:20000000 a SRAM_BASE
compile\sys.elf:40000000 a PERIPH_BASE
compile\sys.elf:22000000 a SRAM_BB_BASE
compile\sys.elf:42000000 a PERIPH_BB_BASE
compile\sys.elf:a0000000 a FSMC_R_BASE
compile\sys.elf:40000000 a APB1_BASE
compile\sys.elf:40010000 a APB2_BASE
compile\sys.elf:40020000 a AHB_BASE
compile\sys.elf:e000e000 a NVIC_BASE
compile\sys.elf:40022000 a FLASH_ACR
compile\sys.elf:40021000 a RCC
compile\sys.elf:40021000 a RCC_CR
compile\sys.elf:40021004 a RCC_CFGR
compile\sys.elf:00000002 a SW_PLL
compile\sys.elf:00000001 a SW_HSE
compile\sys.elf:00000000 a SW_HSI
compile\sys.elf:0000000c a SWS_MASK
compile\sys.elf:00000000 a SW_AHB1
compile\sys.elf:00000080 a SW_AHB2
compile\sys.elf:00000090 a SW_AHB4
compile\sys.elf:000000a0 a SW_AHB8
compile\sys.elf:000000b0 a SW_AHB16
compile\sys.elf:000000c0 a SW_AHB64
compile\sys.elf:000000d0 a SW_AHB128
compile\sys.elf:000000e0 a SW_AHB256
compile\sys.elf:000000f0 a SW_AHB512
compile\sys.elf:00000000 a SW_APB1_1
compile\sys.elf:00000400 a SW_APB1_2
compile\sys.elf:00000500 a SW_APB1_4
compile\sys.elf:00000600 a SW_APB1_8
compile\sys.elf:00000700 a SW_APB1_16
compile\sys.elf:00000000 a SW_APB2_1
compile\sys.elf:00002000 a SW_APB2_2
compile\sys.elf:00002800 a SW_APB2_4
compile\sys.elf:00003000 a SW_APB2_8
compile\sys.elf:00003800 a SW_APB2_16
compile\sys.elf:00000000 a SW_ADC2
compile\sys.elf:00004000 a SW_ADC4
compile\sys.elf:00008000 a SW_ADC6
compile\sys.elf:0000c000 a SW_ADC8
compile\sys.elf:00000000 a SW_PLLMUL2
compile\sys.elf:00040000 a SW_PLLMUL3
compile\sys.elf:00080000 a SW_PLLMUL4
compile\sys.elf:000c0000 a SW_PLLMUL5
compile\sys.elf:00100000 a SW_PLLMUL6
compile\sys.elf:00140000 a SW_PLLMUL7
compile\sys.elf:00180000 a SW_PLLMUL8
compile\sys.elf:001c0000 a SW_PLLMUL9
compile\sys.elf:00200000 a SW_PLLMUL10
compile\sys.elf:00240000 a SW_PLLMUL11
compile\sys.elf:00280000 a SW_PLLMUL12
compile\sys.elf:002c0000 a SW_PLLMUL13
compile\sys.elf:00300000 a SW_PLLMUL14
compile\sys.elf:00340000 a SW_PLLMUL15
compile\sys.elf:00380000 a SW_PLLMUL16
compile\sys.elf:003c0000 a SW_PLLMUL16_1
compile\sys.elf:00010000 a SW_PLLFROMHSE
compile\sys.elf:00000000 a SW_MCO_NO
compile\sys.elf:04000000 a SW_MCO_SYS
compile\sys.elf:05000000 a SW_MCO_HSI
compile\sys.elf:06000000 a SW_MCO_HSE
compile\sys.elf:07000000 a SW_MCO_PLL
compile\sys.elf:40021008 a RCC_CIR
compile\sys.elf:4002100c a RCC_APB2_RST
compile\sys.elf:40021010 a RCC_APB1_RST
compile\sys.elf:40021014 a RCC_AHBENR
compile\sys.elf:40021018 a RCC_APB2ENR
compile\sys.elf:4002101c a RCC_APB1ENR
compile\sys.elf:40021020 a RCC_BDCR
compile\sys.elf:40021024 a RCC_CSR
compile\sys.elf:40023000 a CRÑ
compile\sys.elf:40007000 a PWR
compile\sys.elf:40007000 a PWR_CR
compile\sys.elf:40007004 a PWR_CSR
compile\sys.elf:40006c00 a BKP
compile\sys.elf:40006c04 a BKP_DR1
compile\sys.elf:40006c08 a BKP_DR2
compile\sys.elf:40006c0c a BKP_DR3
compile\sys.elf:40006c10 a BKP_DR4
compile\sys.elf:40006c14 a BKP_DR5
compile\sys.elf:40006c18 a BKP_DR6
compile\sys.elf:40006c1c a BKP_DR7
compile\sys.elf:40006c20 a BKP_DR8
compile\sys.elf:40006c24 a BKP_DR9
compile\sys.elf:40006c28 a BKP_DR10
compile\sys.elf:40006c40 a BKP_DR11
compile\sys.elf:40006c44 a BKP_DR12
compile\sys.elf:40006c48 a BKP_DR13
compile\sys.elf:40006c4c a BKP_DR14
compile\sys.elf:40006c50 a BKP_DR15
compile\sys.elf:40006c54 a BKP_DR16
compile\sys.elf:40006c58 a BKP_DR17
compile\sys.elf:40006c5c a BKP_DR18
compile\sys.elf:40006c60 a BKP_DR19
compile\sys.elf:40006c64 a BKP_DR20
compile\sys.elf:40006c68 a BKP_DR21
compile\sys.elf:40006c6c a BKP_DR22
compile\sys.elf:40006c70 a BKP_DR23
compile\sys.elf:40006c74 a BKP_DR24
compile\sys.elf:40006c78 a BKP_DR25
compile\sys.elf:40006c7c a BKP_DR26
compile\sys.elf:40006c80 a BKP_DR27
compile\sys.elf:40006c84 a BKP_DR28
compile\sys.elf:40006c88 a BKP_DR29
compile\sys.elf:40006c8c a BKP_DR30
compile\sys.elf:40006c90 a BKP_DR31
compile\sys.elf:40006c94 a BKP_DR32
compile\sys.elf:40006c98 a BKP_DR33
compile\sys.elf:40006c9c a BKP_DR34
compile\sys.elf:40006ca0 a BKP_DR35
compile\sys.elf:40006ca4 a BKP_DR36
compile\sys.elf:40006ca8 a BKP_DR37
compile\sys.elf:40006cac a BKP_DR38
compile\sys.elf:40006cb0 a BKP_DR39
compile\sys.elf:40006cb4 a BKP_DR40
compile\sys.elf:40006cb8 a BKP_DR41
compile\sys.elf:40006cbc a BKP_DR42
compile\sys.elf:40006c2c a BKP_RTCCR
compile\sys.elf:40006c30 a BKP_CR
compile\sys.elf:40006c34 a BKP_CSR
compile\sys.elf:40010800 a GPIOA
compile\sys.elf:40010c00 a GPIOB
compile\sys.elf:40011000 a GPIOC
compile\sys.elf:40011400 a GPIOD
compile\sys.elf:40011800 a GPIOE
compile\sys.elf:40011c00 a GPIOF
compile\sys.elf:40012000 a GPIOG
compile\sys.elf:40010800 a GPIO_CRL_A
compile\sys.elf:40010c00 a GPIO_CRL_B
compile\sys.elf:40011000 a GPIO_CRL_C
compile\sys.elf:40011400 a GPIO_CRL_D
compile\sys.elf:40011800 a GPIO_CRL_E
compile\sys.elf:40011c00 a GPIO_CRL_F
compile\sys.elf:40010804 a GPIO_CRH_A
compile\sys.elf:40010c04 a GPIO_CRH_B
compile\sys.elf:40011004 a GPIO_CRH_C
compile\sys.elf:40011404 a GPIO_CRH_D
compile\sys.elf:40011804 a GPIO_CRH_E
compile\sys.elf:40011c04 a GPIO_CRH_F
compile\sys.elf:40010808 a GPIO_IDR_A
compile\sys.elf:40010c08 a GPIO_IDR_B
compile\sys.elf:40011008 a GPIO_IDR_C
compile\sys.elf:40011408 a GPIO_IDR_D
compile\sys.elf:40011808 a GPIO_IDR_E
compile\sys.elf:40011c08 a GPIO_IDR_F
compile\sys.elf:4001080c a GPIO_ODR_A
compile\sys.elf:40010c0c a GPIO_ODR_B
compile\sys.elf:4001100c a GPIO_ODR_C
compile\sys.elf:4001140c a GPIO_ODR_D
compile\sys.elf:4001180c a GPIO_ODR_E
compile\sys.elf:40011c0c a GPIO_ODR_F
compile\sys.elf:40010810 a GPIO_BSRR_A
compile\sys.elf:40010c10 a GPIO_BSRR_B
compile\sys.elf:40011010 a GPIO_BSRR_C
compile\sys.elf:40011410 a GPIO_BSRR_D
compile\sys.elf:40011810 a GPIO_BSRR_E
compile\sys.elf:40011c10 a GPIO_BSRR_F
compile\sys.elf:40010814 a GPIO_BRR_A
compile\sys.elf:40010c14 a GPIO_BRR_B
compile\sys.elf:40011014 a GPIO_BRR_C
compile\sys.elf:40011414 a GPIO_BRR_D
compile\sys.elf:40011814 a GPIO_BRR_E
compile\sys.elf:40011c14 a GPIO_BRR_F
compile\sys.elf:40010818 a GPIO_LCKR_A
compile\sys.elf:40010c18 a GPIO_LCKR_B
compile\sys.elf:40011018 a GPIO_LCKR_C
compile\sys.elf:40011418 a GPIO_LCKR_D
compile\sys.elf:40011818 a GPIO_LCKR_E
compile\sys.elf:40011c18 a GPIO_LCKR_F
compile\sys.elf:40010000 a AFIO
compile\sys.elf:40010000 a AFIO_EVCR
compile\sys.elf:40010004 a AFIO_MAPR
compile\sys.elf:40010008 a AFIO_EXTICR1
compile\sys.elf:40010014 a AFIO_EXTICR2
compile\sys.elf:4001001c a AFIO_MAPR2
compile\sys.elf:40000000 a TIM2
compile\sys.elf:40000000 a TIM2_CR1
compile\sys.elf:40000004 a TIM2_CR2
compile\sys.elf:40000008 a TIM2_SMCR
compile\sys.elf:4000000c a TIM2_DIER
compile\sys.elf:40000010 a TIM2_SR
compile\sys.elf:40000014 a TIM2_EGR
compile\sys.elf:40000018 a TIM2_CCMR1
compile\sys.elf:4000001c a TIM2_CCMR2
compile\sys.elf:40000020 a TIM2_CCER
compile\sys.elf:40000024 a TIM2_CNT
compile\sys.elf:40000028 a TIM2_PSC
compile\sys.elf:4000002c a TIM2_ARR
compile\sys.elf:40000034 a TIM2_CCR1
compile\sys.elf:40000038 a TIM2_CCR2
compile\sys.elf:4000003c a TIM2_CCR3
compile\sys.elf:40000040 a TIM2_CCR4
compile\sys.elf:40000048 a TIM2_DCR
compile\sys.elf:4000004c a TIM2_DMAR
compile\sys.elf:e000e100 a NVIC_ISER0
compile\sys.elf:e000e104 a NVIC_ISER1
compile\sys.elf:e000e108 a NVIC_ISER2
compile\sys.elf:e000e180 a NVIC_ICER0
compile\sys.elf:e000e184 a NVIC_ICER1
compile\sys.elf:e000e188 a NVIC_ICER2
compile\sys.elf:e000e200 a NVIC_ISPR0
compile\sys.elf:e000e204 a NVIC_ISPR1
compile\sys.elf:e000e208 a NVIC_ISPR2
compile\sys.elf:e000e280 a NVIC_IÑPR0
compile\sys.elf:e000e284 a NVIC_IÑPR1
compile\sys.elf:e000e288 a NVIC_IÑPR2
compile\sys.elf:e000e400 a NVIC_PRI0
compile\sys.elf:e000e300 a NVIC_IABR0
compile\sys.elf:e000e304 a NVIC_IABR1
compile\sys.elf:e000ed24 a NVIC_SHCSR
compile\sys.elf:e000ed04 a NVIC_ICSR
compile\sys.elf:e000ed0c a NVIC_AIRCR
compile\sys.elf:e000e008 a SCB
compile\sys.elf:e000e00c a SCB_ICSR
compile\sys.elf:40010400 a EXTI
compile\sys.elf:40010414 a EXTI_PR
compile\sys.elf:40010400 a EXTI_IMR
compile\sys.elf:40010408 a EXTI_RTSR
compile\sys.elf:4001040c a EXTI_FTSR
compile\sys.elf:40002800 a RTC
compile\sys.elf:40002800 a RTC_CRH
compile\sys.elf:40002804 a RTC_CRL
compile\sys.elf:40002810 a RTC_DIVH
compile\sys.elf:40002814 a RTC_DIVL
compile\sys.elf:40002808 a RTC_PRLH
compile\sys.elf:4000280c a RTC_PRLL
compile\sys.elf:40002818 a RTC_CNTH
compile\sys.elf:4000281c a RTC_CNTL
compile\sys.elf:40002820 a RTC_ALRH
compile\sys.elf:40002824 a RTC_ALRL
compile\sys.elf:08000928 d serVar
compile\sys.elf:08000142 t sync01
compile\sys.elf:0800018a t rtc_LSE
compile\sys.elf:08000188 t L_LSI
compile\sys.elf:08000170 t isZero01
compile\sys.elf:0800018c t isZero03
compile\sys.elf:0800019e t OUT
compile\sys.elf:080001a6 t isZero02
compile\sys.elf:0800029c t summ
compile\sys.elf:0800038e t counter01
compile\sys.elf:080003b2 t counter02
compile\sys.elf:080003cc t irqRTC01
compile\sys.elf:080003fe t irqAlert
compile\sys.elf:08000406 t irqOverflow
compile\sys.elf:0800040e t irqExit
compile\sys.elf:0800041e t irqRTC02
compile\sys.elf:08000436 t iset01
compile\sys.elf:08000450 t iset02
compile\sys.elf:00000100 a STACK_SIZE
compile\sys.elf:00000000 a HEAP_SIZE
compile\sys.elf:08000000 a FLASH_BASE
compile\sys.elf:20000000 a SRAM_BASE
compile\sys.elf:40000000 a PERIPH_BASE
compile\sys.elf:22000000 a SRAM_BB_BASE
compile\sys.elf:42000000 a PERIPH_BB_BASE
compile\sys.elf:a0000000 a FSMC_R_BASE
compile\sys.elf:40000000 a APB1_BASE
compile\sys.elf:40010000 a APB2_BASE
compile\sys.elf:40020000 a AHB_BASE
compile\sys.elf:e000e000 a NVIC_BASE
compile\sys.elf:40022000 a FLASH_ACR
compile\sys.elf:40021000 a RCC
compile\sys.elf:40021000 a RCC_CR
compile\sys.elf:40021004 a RCC_CFGR
compile\sys.elf:00000002 a SW_PLL
compile\sys.elf:00000001 a SW_HSE
compile\sys.elf:00000000 a SW_HSI
compile\sys.elf:0000000c a SWS_MASK
compile\sys.elf:00000000 a SW_AHB1
compile\sys.elf:00000080 a SW_AHB2
compile\sys.elf:00000090 a SW_AHB4
compile\sys.elf:000000a0 a SW_AHB8
compile\sys.elf:000000b0 a SW_AHB16
compile\sys.elf:000000c0 a SW_AHB64
compile\sys.elf:000000d0 a SW_AHB128
compile\sys.elf:000000e0 a SW_AHB256
compile\sys.elf:000000f0 a SW_AHB512
compile\sys.elf:00000000 a SW_APB1_1
compile\sys.elf:00000400 a SW_APB1_2
compile\sys.elf:00000500 a SW_APB1_4
compile\sys.elf:00000600 a SW_APB1_8
compile\sys.elf:00000700 a SW_APB1_16
compile\sys.elf:00000000 a SW_APB2_1
compile\sys.elf:00002000 a SW_APB2_2
compile\sys.elf:00002800 a SW_APB2_4
compile\sys.elf:00003000 a SW_APB2_8
compile\sys.elf:00003800 a SW_APB2_16
compile\sys.elf:00000000 a SW_ADC2
compile\sys.elf:00004000 a SW_ADC4
compile\sys.elf:00008000 a SW_ADC6
compile\sys.elf:0000c000 a SW_ADC8
compile\sys.elf:00000000 a SW_PLLMUL2
compile\sys.elf:00040000 a SW_PLLMUL3
compile\sys.elf:00080000 a SW_PLLMUL4
compile\sys.elf:000c0000 a SW_PLLMUL5
compile\sys.elf:00100000 a SW_PLLMUL6
compile\sys.elf:00140000 a SW_PLLMUL7
compile\sys.elf:00180000 a SW_PLLMUL8
compile\sys.elf:001c0000 a SW_PLLMUL9
compile\sys.elf:00200000 a SW_PLLMUL10
compile\sys.elf:00240000 a SW_PLLMUL11
compile\sys.elf:00280000 a SW_PLLMUL12
compile\sys.elf:002c0000 a SW_PLLMUL13
compile\sys.elf:00300000 a SW_PLLMUL14
compile\sys.elf:00340000 a SW_PLLMUL15
compile\sys.elf:00380000 a SW_PLLMUL16
compile\sys.elf:003c0000 a SW_PLLMUL16_1
compile\sys.elf:00010000 a SW_PLLFROMHSE
compile\sys.elf:00000000 a SW_MCO_NO
compile\sys.elf:04000000 a SW_MCO_SYS
compile\sys.elf:05000000 a SW_MCO_HSI
compile\sys.elf:06000000 a SW_MCO_HSE
compile\sys.elf:07000000 a SW_MCO_PLL
compile\sys.elf:40021008 a RCC_CIR
compile\sys.elf:4002100c a RCC_APB2_RST
compile\sys.elf:40021010 a RCC_APB1_RST
compile\sys.elf:40021014 a RCC_AHBENR
compile\sys.elf:40021018 a RCC_APB2ENR
compile\sys.elf:4002101c a RCC_APB1ENR
compile\sys.elf:40021020 a RCC_BDCR
compile\sys.elf:40021024 a RCC_CSR
compile\sys.elf:40023000 a CRÑ
compile\sys.elf:40007000 a PWR
compile\sys.elf:40007000 a PWR_CR
compile\sys.elf:40007004 a PWR_CSR
compile\sys.elf:40006c00 a BKP
compile\sys.elf:40006c04 a BKP_DR1
compile\sys.elf:40006c08 a BKP_DR2
compile\sys.elf:40006c0c a BKP_DR3
compile\sys.elf:40006c10 a BKP_DR4
compile\sys.elf:40006c14 a BKP_DR5
compile\sys.elf:40006c18 a BKP_DR6
compile\sys.elf:40006c1c a BKP_DR7
compile\sys.elf:40006c20 a BKP_DR8
compile\sys.elf:40006c24 a BKP_DR9
compile\sys.elf:40006c28 a BKP_DR10
compile\sys.elf:40006c40 a BKP_DR11
compile\sys.elf:40006c44 a BKP_DR12
compile\sys.elf:40006c48 a BKP_DR13
compile\sys.elf:40006c4c a BKP_DR14
compile\sys.elf:40006c50 a BKP_DR15
compile\sys.elf:40006c54 a BKP_DR16
compile\sys.elf:40006c58 a BKP_DR17
compile\sys.elf:40006c5c a BKP_DR18
compile\sys.elf:40006c60 a BKP_DR19
compile\sys.elf:40006c64 a BKP_DR20
compile\sys.elf:40006c68 a BKP_DR21
compile\sys.elf:40006c6c a BKP_DR22
compile\sys.elf:40006c70 a BKP_DR23
compile\sys.elf:40006c74 a BKP_DR24
compile\sys.elf:40006c78 a BKP_DR25
compile\sys.elf:40006c7c a BKP_DR26
compile\sys.elf:40006c80 a BKP_DR27
compile\sys.elf:40006c84 a BKP_DR28
compile\sys.elf:40006c88 a BKP_DR29
compile\sys.elf:40006c8c a BKP_DR30
compile\sys.elf:40006c90 a BKP_DR31
compile\sys.elf:40006c94 a BKP_DR32
compile\sys.elf:40006c98 a BKP_DR33
compile\sys.elf:40006c9c a BKP_DR34
compile\sys.elf:40006ca0 a BKP_DR35
compile\sys.elf:40006ca4 a BKP_DR36
compile\sys.elf:40006ca8 a BKP_DR37
compile\sys.elf:40006cac a BKP_DR38
compile\sys.elf:40006cb0 a BKP_DR39
compile\sys.elf:40006cb4 a BKP_DR40
compile\sys.elf:40006cb8 a BKP_DR41
compile\sys.elf:40006cbc a BKP_DR42
compile\sys.elf:40006c2c a BKP_RTCCR
compile\sys.elf:40006c30 a BKP_CR
compile\sys.elf:40006c34 a BKP_CSR
compile\sys.elf:40010800 a GPIOA
compile\sys.elf:40010c00 a GPIOB
compile\sys.elf:40011000 a GPIOC
compile\sys.elf:40011400 a GPIOD
compile\sys.elf:40011800 a GPIOE
compile\sys.elf:40011c00 a GPIOF
compile\sys.elf:40012000 a GPIOG
compile\sys.elf:40010800 a GPIO_CRL_A
compile\sys.elf:40010c00 a GPIO_CRL_B
compile\sys.elf:40011000 a GPIO_CRL_C
compile\sys.elf:40011400 a GPIO_CRL_D
compile\sys.elf:40011800 a GPIO_CRL_E
compile\sys.elf:40011c00 a GPIO_CRL_F
compile\sys.elf:40010804 a GPIO_CRH_A
compile\sys.elf:40010c04 a GPIO_CRH_B
compile\sys.elf:40011004 a GPIO_CRH_C
compile\sys.elf:40011404 a GPIO_CRH_D
compile\sys.elf:40011804 a GPIO_CRH_E
compile\sys.elf:40011c04 a GPIO_CRH_F
compile\sys.elf:40010808 a GPIO_IDR_A
compile\sys.elf:40010c08 a GPIO_IDR_B
compile\sys.elf:40011008 a GPIO_IDR_C
compile\sys.elf:40011408 a GPIO_IDR_D
compile\sys.elf:40011808 a GPIO_IDR_E
compile\sys.elf:40011c08 a GPIO_IDR_F
compile\sys.elf:4001080c a GPIO_ODR_A
compile\sys.elf:40010c0c a GPIO_ODR_B
compile\sys.elf:4001100c a GPIO_ODR_C
compile\sys.elf:4001140c a GPIO_ODR_D
compile\sys.elf:4001180c a GPIO_ODR_E
compile\sys.elf:40011c0c a GPIO_ODR_F
compile\sys.elf:40010810 a GPIO_BSRR_A
compile\sys.elf:40010c10 a GPIO_BSRR_B
compile\sys.elf:40011010 a GPIO_BSRR_C
compile\sys.elf:40011410 a GPIO_BSRR_D
compile\sys.elf:40011810 a GPIO_BSRR_E
compile\sys.elf:40011c10 a GPIO_BSRR_F
compile\sys.elf:40010814 a GPIO_BRR_A
compile\sys.elf:40010c14 a GPIO_BRR_B
compile\sys.elf:40011014 a GPIO_BRR_C
compile\sys.elf:40011414 a GPIO_BRR_D
compile\sys.elf:40011814 a GPIO_BRR_E
compile\sys.elf:40011c14 a GPIO_BRR_F
compile\sys.elf:40010818 a GPIO_LCKR_A
compile\sys.elf:40010c18 a GPIO_LCKR_B
compile\sys.elf:40011018 a GPIO_LCKR_C
compile\sys.elf:40011418 a GPIO_LCKR_D
compile\sys.elf:40011818 a GPIO_LCKR_E
compile\sys.elf:40011c18 a GPIO_LCKR_F
compile\sys.elf:40010000 a AFIO
compile\sys.elf:40010000 a AFIO_EVCR
compile\sys.elf:40010004 a AFIO_MAPR
compile\sys.elf:40010008 a AFIO_EXTICR1
compile\sys.elf:40010014 a AFIO_EXTICR2
compile\sys.elf:4001001c a AFIO_MAPR2
compile\sys.elf:40000000 a TIM2
compile\sys.elf:40000000 a TIM2_CR1
compile\sys.elf:40000004 a TIM2_CR2
compile\sys.elf:40000008 a TIM2_SMCR
compile\sys.elf:4000000c a TIM2_DIER
compile\sys.elf:40000010 a TIM2_SR
compile\sys.elf:40000014 a TIM2_EGR
compile\sys.elf:40000018 a TIM2_CCMR1
compile\sys.elf:4000001c a TIM2_CCMR2
compile\sys.elf:40000020 a TIM2_CCER
compile\sys.elf:40000024 a TIM2_CNT
compile\sys.elf:40000028 a TIM2_PSC
compile\sys.elf:4000002c a TIM2_ARR
compile\sys.elf:40000034 a TIM2_CCR1
compile\sys.elf:40000038 a TIM2_CCR2
compile\sys.elf:4000003c a TIM2_CCR3
compile\sys.elf:40000040 a TIM2_CCR4
compile\sys.elf:40000048 a TIM2_DCR
compile\sys.elf:4000004c a TIM2_DMAR
compile\sys.elf:e000e100 a NVIC_ISER0
compile\sys.elf:e000e104 a NVIC_ISER1
compile\sys.elf:e000e108 a NVIC_ISER2
compile\sys.elf:e000e180 a NVIC_ICER0
compile\sys.elf:e000e184 a NVIC_ICER1
compile\sys.elf:e000e188 a NVIC_ICER2
compile\sys.elf:e000e200 a NVIC_ISPR0
compile\sys.elf:e000e204 a NVIC_ISPR1
compile\sys.elf:e000e208 a NVIC_ISPR2
compile\sys.elf:e000e280 a NVIC_IÑPR0
compile\sys.elf:e000e284 a NVIC_IÑPR1
compile\sys.elf:e000e288 a NVIC_IÑPR2
compile\sys.elf:e000e400 a NVIC_PRI0
compile\sys.elf:e000e300 a NVIC_IABR0
compile\sys.elf:e000e304 a NVIC_IABR1
compile\sys.elf:e000ed24 a NVIC_SHCSR
compile\sys.elf:e000ed04 a NVIC_ICSR
compile\sys.elf:e000ed0c a NVIC_AIRCR
compile\sys.elf:e000e008 a SCB
compile\sys.elf:e000e00c a SCB_ICSR
compile\sys.elf:40010400 a EXTI
compile\sys.elf:40010414 a EXTI_PR
compile\sys.elf:40010400 a EXTI_IMR
compile\sys.elf:40010408 a EXTI_RTSR
compile\sys.elf:4001040c a EXTI_FTSR
compile\sys.elf:40002800 a RTC
compile\sys.elf:40002800 a RTC_CRH
compile\sys.elf:40002804 a RTC_CRL
compile\sys.elf:40002810 a RTC_DIVH
compile\sys.elf:40002814 a RTC_DIVL
compile\sys.elf:40002808 a RTC_PRLH
compile\sys.elf:4000280c a RTC_PRLL
compile\sys.elf:40002818 a RTC_CNTH
compile\sys.elf:4000281c a RTC_CNTL
compile\sys.elf:40002820 a RTC_ALRH
compile\sys.elf:40002824 a RTC_ALRL
compile\sys.elf:0000000c a timeout
compile\sys.elf:080007ba t lp001
compile\sys.elf:0800080a t w01
compile\sys.elf:0800081c t wend
compile\sys.elf:08000844 t L01
compile\sys.elf:080008d4 t del01
compile\sys.elf:080005f2 T EXTI2_IRQHandler
compile\sys.elf:20000015 B timDelayValue
compile\sys.elf:08000606 T EXTI3_IRQHandler
compile\sys.elf:08000382 T setRTC_Counter
compile\sys.elf:0800022a T dataToJDN
compile\sys.elf:20000019 B buttonPushed
compile\sys.elf:080005ca T EXTI0_IRQHandler
compile\sys.elf:080001fa T timeToPosix
compile\sys.elf:00005000 A as_stackTop
compile\sys.elf:20000004 B month
compile\sys.elf:080003be T RTC_IRQHandler
compile\sys.elf:08000650 T Reset_Handler
compile\sys.elf:08000800 T wait
compile\sys.elf:0800076a T Default_Handler
compile\sys.elf:08000852 T tim2Init
compile\sys.elf:00000000 A as_heapSize
compile\sys.elf:080004f4 T PortClock
compile\sys.elf:0800042a T RTC_setInterrupt
compile\sys.elf:08000924 D JDshift
compile\sys.elf:080002d2 T posixToData
compile\sys.elf:20000000 B seconds
compile\sys.elf:08000130 T RTC_init
compile\sys.elf:0800061a T EXTI4_IRQHandler
compile\sys.elf:2000000d B posixTime
compile\sys.elf:08000924 D as_dataStart
compile\sys.elf:080007b0 T SystemInit72
compile\sys.elf:20000011 B timerActivated
compile\sys.elf:20000000 B as_bssStart
compile\sys.elf:20000005 B year
compile\sys.elf:20000003 B day
compile\sys.elf:080008b0 T Delay
compile\sys.elf:2000001d B as_bssEnd
compile\sys.elf:08000826 T TIM2_IRQHandler
compile\sys.elf:0800056e T SetInterrupt0_5
compile\sys.elf:20000009 B JDN
compile\sys.elf:080002b6 T timeToPosixWithData
compile\sys.elf:080005de T EXTI1_IRQHandler
compile\sys.elf:0800014e T RTC_Clock
compile\sys.elf:20000001 B minutes
compile\sys.elf:20000002 B hours
compile\sys.elf:080004d4 T iPortClock
compile\sys.elf:08000938 D as_dataEnd
compile\sys.elf:0800050c T PortConfigure
compile\sys.elf:080001b4 T posixToTime
